// Jest Snapshot v1, https://goo.gl/fbAQLP

exports[`SearchInput component SearchInput should be shown correctly 1`] = `
<form
  className="search-input"
  onSubmit={[Function]}
>
  <input
    className="search-input__field"
    onChange={[Function]}
    placeholder="Enter something..."
    value="inputValue"
  />
  <div
    className="search-input__icon"
    onClick={[Function]}
  />
</form>
`;
